
resolving titles 50/1299
resolving titles 100/1299
resolving titles 150/1299
resolving titles 200/1299
resolving titles 250/1299
resolving titles 300/1299
resolving titles 350/1299
resolving titles 400/1299
resolving titles 450/1299
resolving titles 500/1299
resolving titles 550/1299
resolving titles 600/1299
resolving titles 650/1299
resolving titles 700/1299
resolving titles 750/1299
resolving titles 800/1299
resolving titles 850/1299
resolving titles 900/1299
resolving titles 950/1299
resolving titles 1000/1299
resolving titles 1050/1299
resolving titles 1100/1299
resolving titles 1150/1299
resolving titles 1200/1299
resolving titles 1250/1299
resolving titles 1299/1299

all titles resolve to a plausible article

fetching 60 days of pageviews for 1299 articles
1299 from cache, 0 to fetch


wrote pageviews.json for 1318 entries
  most viewed:  United States 1,527,571, India 534,983, United Kingdom 508,348
  least viewed: Aldan 213, Halmahera Sea 183, Ceram Sea 183
